Loaded 573 entries.
Enter a word to look up synonyms (or 'q' to quit).

คำ: คำไวพจน์: กระแสสินธุ์ | คงคา | คงคาลัย | ชล | ชลชาติ | ชลธาร | ชลธี | ชลัมพุ | ชลาลัย | ทก | ธาร | ธารา | นที | นิระ | บาน | บานิโยทก | บานีโยทก | ปานะ | วาริ | วารี | สมุทร | สลิล | สาคร | สินธุ | สินธุ์ | สินธู | อรรณพ | อัมพุ | อาปะ | อาโป | อุทก | เนียร | โดย | โตย

คำ: คำไวพจน์: น้ำ | กระแสสินธุ์ | คงคา | คงคาลัย | ชล | ชลชาติ | ชลธาร | ชลธี | ชลัมพุ | ชลาลัย | ทก | ธาร | ธารา | นที | นิระ | บาน | บานิโยทก | บานีโยทก | ปานะ | วาริ | สมุทร | สลิล | สาคร | สินธุ | สินธุ์ | สินธู | อรรณพ | อัมพุ | อาปะ | อาโป | อุทก | เนียร | โดย | โตย

คำ: คำไวพจน์: กราน | กูณฑ์ | ชวาล | ชาลา | ฑาหะ | บาพก | ปาวกะ | ศิขา | สิขา | สิขี | อัคคี | อัคนี | อัจจิ | เดช | เดโช | เตช | เตโช | เพลิง

คำ: 